---
source: tests/d3.rs
expression: part_numbers
---
{
    (
        1,
        1..4,
        467,
    ),
    (
        3,
        3..5,
        35,
    ),
    (
        3,
        7..10,
        633,
    ),
    (
        5,
        1..4,
        617,
    ),
    (
        7,
        3..6,
        592,
    ),
    (
        8,
        7..10,
        755,
    ),
    (
        10,
        2..5,
        664,
    ),
    (
        10,
        6..9,
        598,
    ),
}
