---
source: tests/d3.rs
expression: schematic
---
Schematic {
    width: 11,
    height: 10,
    numbers: {
        1: {
            1..4: 467,
            6..9: 114,
        },
        3: {
            3..5: 35,
            7..10: 633,
        },
        5: {
            1..4: 617,
        },
        6: {
            8..10: 58,
        },
        7: {
            3..6: 592,
        },
        8: {
            7..10: 755,
        },
        10: {
            2..5: 664,
            6..9: 598,
        },
    },
    symbols: [
        (
            2,
            4,
        ),
        (
            4,
            7,
        ),
        (
            5,
            4,
        ),
        (
            6,
            6,
        ),
        (
            9,
            4,
        ),
        (
            9,
            6,
        ),
    ],
}
